brain-tea/BRAINTEA_HistoricalAsinDateSales (3).csv
Date,ASIN,Orders,Units,Sales,Profits,ACOS,TACOS,Organic Units,Promotion Units,PPC Orders,PPC Units,PPC Sales,Sessions,Conversions,Average Price,ROI,Margin,Refund Units,Refund Balance,Referral Fees,Fulfillment Fees,Cost of Goods,PPC Cost,Promotion Value,VAT,Recoverable VAT on Fees
07-Mar-26,B0824GK8BP,21,21,581.49,258.5500,14.73 %,0.70 %,20,1,1,1,27.69,,,27.69,187.40 %,44.46 %,0,0,87.15,88.20,137.9700,4.08,5.54,,
06-Mar-26,B0824GK8BP,9,10,276.90,125.3900,,0.83 %,10,0,0,0,0.00,,,27.69,190.85 %,45.28 %,0,0,41.50,42.00,65.7000,2.31,0.00,,
05-Mar-26,B0824GK8BP,17,17,470.73,207.1700,7.91 %,0.93 %,15,1,2,2,55.38,39,43.59 %,27.69,185.49 %,44.01 %,0,0,70.55,71.40,111.6900,4.38,5.54,,
04-Mar-26,B0824GK8BP,15,16,440.27,153.2900,8.56 %,0.54 %,15,4,1,1,27.69,44,34.09 %,27.516875,145.82 %,34.82 %,1,24.14,65.99,67.20,105.1200,2.37,22.16,,
03-Mar-26,B0824GK8BP,12,12,332.28,132.1700,23.70 %,5.93 %,9,1,3,3,83.07,47,25.53 %,27.69,167.64 %,39.78 %,0,0,49.80,50.40,78.8400,19.69,1.38,,
02-Mar-26,B0824GK8BP,16,16,440.27,156.1500,15.14 %,4.76 %,11,1,5,5,138.45,53,30.19 %,27.516875,148.54 %,35.47 %,1,19.31,65.99,67.20,105.1200,20.96,5.54,,
01-Mar-26,B0824GK8BP,17,18,498.42,197.2500,32.59 %,5.43 %,15,1,3,3,83.07,60,28.33 %,27.69,166.79 %,39.58 %,0,0,74.70,75.60,118.2600,27.07,5.54,,
28-Feb-26,B0824GK8BP,12,13,359.97,123.2500,16.72 %,8.62 %,6,3,7,7,185.57,67,17.91 %,27.69,144.30 %,34.24 %,0,0,54.22,53.60,85.4100,31.03,12.46,,
27-Feb-26,B0824GK8BP,13,13,357.20,136.6400,24.23 %,7.51 %,9,0,4,4,110.76,60,21.67 %,27.476923076923076923076923077,159.98 %,38.25 %,0,0,54.96,53.35,85.4100,26.84,0.00,,
26-Feb-26,B0824GK8BP,14,14,387.66,155.8100,20.41 %,5.83 %,10,0,4,4,110.76,66,21.21 %,27.69,169.40 %,40.19 %,0,0,60.71,56.55,91.9800,22.61,0.00,,
25-Feb-26,B0824GK8BP,13,13,359.97,131.5300,28.81 %,6.65 %,10,2,3,3,83.07,65,20.00 %,27.69,154.00 %,36.54 %,0,0,55.67,52.35,85.4100,23.93,11.08,,
24-Feb-26,B0824GK8BP,18,18,498.42,194.1300,30.07 %,5.01 %,15,2,3,3,83.07,68,26.47 %,27.69,164.16 %,38.95 %,0,0,77.87,72.10,118.2600,24.98,11.08,,
23-Feb-26,B0824GK8BP,24,25,689.48,267.9600,16.70 %,4.02 %,19,4,6,6,166.14,69,34.78 %,27.5792,163.14 %,38.86 %,0,0,107.62,99.75,164.2500,27.74,22.16,,
22-Feb-26,B0824GK8BP,21,21,573.81,211.7300,17.36 %,5.03 %,15,4,6,6,166.14,63,33.33 %,27.324285714285714285714285714,153.46 %,36.90 %,0,0,89.40,83.70,137.9700,28.85,22.16,,
21-Feb-26,B0824GK8BP,12,14,387.66,125.0900,28.14 %,8.04 %,10,4,4,4,110.76,59,20.34 %,27.69,136.00 %,32.27 %,0,0,60.71,56.55,91.9800,31.17,22.16,,
20-Feb-26,B0824GK8BP,11,12,326.74,107.1500,28.06 %,11.42 %,7,1,4,5,132.91,60,18.33 %,27.228333333333333333333333333,135.91 %,32.79 %,0,0,51.51,46.40,78.8400,37.30,5.54,,
19-Feb-26,B0824GK8BP,11,11,301.82,112.5800,17.12 %,3.14 %,9,3,2,2,55.38,47,23.40 %,27.438181818181818181818181818,155.78 %,37.30 %,0,0,46.67,44.20,72.2700,9.48,16.62,,
18-Feb-26,B0824GK8BP,16,16,443.04,149.6500,18.99 %,4.75 %,12,6,4,4,110.76,60,26.67 %,27.69,142.36 %,33.78 %,0,0,69.30,64.70,105.1200,21.03,33.24,,
17-Feb-26,B0824GK8BP,17,18,498.42,161.0600,11.41 %,4.44 %,11,5,6,7,193.83,61,27.87 %,27.69,136.19 %,32.31 %,1,19.31,77.87,72.10,118.2600,22.12,27.70,,
16-Feb-26,B0824GK8BP,10,10,276.90,96.2700,25.14 %,7.54 %,7,2,3,3,83.07,57,17.54 %,27.69,146.53 %,34.77 %,0,0,43.22,39.75,65.7000,20.88,11.08,,
15-Feb-26,B0824GK8BP,14,14,387.66,133.6700,12.31 %,4.40 %,9,5,5,5,138.45,57,24.56 %,27.69,145.33 %,34.48 %,0,0,60.71,56.55,91.9800,17.05,27.70,,
14-Feb-26,B0824GK8BP,15,16,443.04,165.0400,12.36 %,3.09 %,12,5,3,4,110.76,50,30.00 %,27.69,157.00 %,37.25 %,0,0,67.79,63.70,105.1200,13.69,27.70,,
13-Feb-26,B0824GK8BP,21,21,581.49,201.7600,18.86 %,2.69 %,18,10,3,3,83.07,51,41.18 %,27.69,146.23 %,34.70 %,0,0,86.74,83.95,137.9700,15.67,55.40,,
12-Feb-26,B0824GK8BP,13,13,359.97,119.2400,12.03 %,4.63 %,8,6,5,5,138.45,56,23.21 %,27.69,139.61 %,33.12 %,0,0,53.58,51.85,85.4100,16.65,33.24,,
11-Feb-26,B0824GK8BP,16,18,498.42,164.3600,12.69 %,3.53 %,13,6,5,5,138.45,49,32.65 %,27.69,138.98 %,32.98 %,1,19.31,74.59,71.10,118.2600,17.57,33.23,,
10-Feb-26,B0824GK8BP,19,19,526.11,164.3600,18.80 %,3.96 %,15,7,4,4,110.76,65,29.23 %,27.69,131.67 %,31.24 %,1,24.14,78.13,75.05,124.8300,20.82,38.78,,
09-Feb-26,B0824GK8BP,8,9,249.21,85.4600,10.95 %,6.08 %,4,3,4,5,138.45,31,25.81 %,27.69,144.53 %,34.29 %,0,0,37.29,35.55,59.1300,15.16,16.62,,
08-Feb-26,B0824GK8BP,24,25,692.25,260.2800,10.11 %,2.83 %,18,9,7,7,193.83,79,30.38 %,27.69,158.47 %,37.60 %,0,0,103.67,98.75,164.2500,19.60,45.70,,
07-Feb-26,B0824GK8BP,14,14,387.66,114.5200,19.63 %,4.21 %,11,5,3,3,83.07,49,28.57 %,27.69,124.51 %,29.54 %,1,24.14,57.71,55.30,91.9800,16.31,27.70,,
06-Feb-26,B0824GK8BP,10,11,299.05,115.8500,19.43 %,3.42 %,9,2,2,2,52.61,51,19.61 %,27.186363636363636363636363636,160.30 %,38.74 %,0,0,46.18,43.45,72.2700,10.22,11.08,,
05-Feb-26,B0824GK8BP,18,18,495.65,181.2500,8.95 %,4.50 %,9,5,9,9,249.21,65,27.69 %,27.536111111111111111111111111,153.26 %,36.57 %,0,0,75.03,71.10,118.2600,22.31,27.70,,
04-Feb-26,B0824GK8BP,19,20,553.80,209.9500,11.23 %,4.49 %,12,5,7,8,221.52,61,31.15 %,27.69,159.78 %,37.91 %,0,0,85.03,79.00,131.4000,24.88,23.54,,
03-Feb-26,B0824GK8BP,19,20,553.80,209.6500,15.16 %,3.79 %,15,1,5,5,138.45,59,32.20 %,27.69,159.55 %,37.86 %,1,19.31,87.91,79.00,131.4000,20.99,5.54,,
02-Feb-26,B0824GK8BP,12,13,359.97,117.6600,,4.24 %,13,7,0,0,0.00,69,17.39 %,27.69,137.76 %,32.69 %,0,0,51.49,51.35,85.4100,15.28,38.78,,
01-Feb-26,B0824GK8BP,19,19,526.11,204.2700,17.15 %,3.61 %,15,4,4,4,110.76,57,33.33 %,27.69,163.64 %,38.83 %,0,0,80.80,75.05,124.8300,19.00,22.16,,
07-Mar-26,B0CRZRHT7R,4,4,77.72,16.6800,,,4,0,0,0,0,,,19.43,57.05 %,21.46 %,0,0,11.64,20.16,29.2400,0,0.00,,
06-Mar-26,B0CRZRHT7R,4,4,77.72,12.7900,,,4,1,0,0,0,,,19.43,43.74 %,16.46 %,0,0,11.64,20.16,29.2400,0,3.89,,
05-Mar-26,B0CRZRHT7R,3,3,58.29,10.6500,4.79 %,3.19 %,1,0,2,2,38.86,14,21.43 %,19.43,48.56 %,18.27 %,0,0,8.73,15.12,21.9300,1.86,0.00,,
04-Mar-26,B0CRZRHT7R,2,2,38.86,7.6400,,1.80 %,2,0,0,0,0.00,15,13.33 %,19.43,52.26 %,19.66 %,0,0,5.82,10.08,14.6200,0.70,0.00,,
03-Mar-26,B0CRZRHT7R,3,3,65.29,11.9500,,9.96 %,3,0,0,0,0.00,20,15.00 %,21.763333333333333333333333333,54.49 %,18.30 %,0,0,9.79,15.12,21.9300,6.50,0.00,,
02-Mar-26,B0CRZRHT7R,3,3,58.29,4.3900,20.90 %,13.93 %,1,0,2,2,38.86,17,17.65 %,19.43,20.02 %,7.53 %,0,0,8.73,15.12,21.9300,8.12,0.00,,
01-Mar-26,B0CRZRHT7R,4,5,97.15,14.9600,6.06 %,6.06 %,0,0,4,5,97.15,25,16.00 %,19.43,40.93 %,15.40 %,0,0,14.55,25.20,36.5500,5.89,0.00,,
28-Feb-26,B0CRZRHT7R,4,4,77.72,4.9500,55.33 %,13.83 %,3,1,1,1,19.43,26,15.38 %,19.43,16.93 %,6.37 %,0,0,11.64,20.16,29.2400,10.75,0.98,,
27-Feb-26,B0CRZRHT7R,6,7,136.01,19.4000,,6.90 %,7,0,0,0,0.00,22,27.27 %,19.43,37.91 %,14.26 %,0,0,20.77,35.28,51.1700,9.39,0.00,,
26-Feb-26,B0CRZRHT7R,5,5,97.15,12.7800,,7.48 %,5,0,0,0,0.00,28,17.86 %,19.43,34.97 %,13.15 %,0,0,15.35,25.20,36.5500,7.27,0.00,,
25-Feb-26,B0CRZRHT7R,2,2,39.86,3.1200,28.30 %,14.15 %,1,0,1,1,19.93,26,7.69 %,19.93,21.34 %,7.83 %,0,0,6.40,10.08,14.6200,5.64,0.00,,
24-Feb-26,B0CRZRHT7R,3,3,60.29,9.4800,,6.78 %,3,0,0,0,0.00,19,15.79 %,20.096666666666666666666666667,43.23 %,15.72 %,0,0,9.67,15.12,21.9300,4.09,0.00,,
23-Feb-26,B0CRZRHT7R,4,4,82.72,13.2100,16.29 %,4.12 %,3,1,1,1,20.93,29,13.79 %,20.68,45.18 %,15.97 %,0,0,12.61,20.16,29.2400,3.41,4.09,,
22-Feb-26,B0CRZRHT7R,5,6,122.36,8.1800,15.05 %,5.15 %,4,4,2,2,41.86,34,14.71 %,20.393333333333333333333333333,18.65 %,6.69 %,0,0,16.93,30.24,43.8600,6.30,16.85,,
21-Feb-26,B0CRZRHT7R,2,2,42.86,2.1100,,13.02 %,2,1,0,0,0.00,18,11.11 %,21.43,14.43 %,4.92 %,0,0,6.18,10.08,14.6200,5.58,4.29,,
20-Feb-26,B0CRZRHT7R,1,1,21.93,4.5100,,7.07 %,1,0,0,0,0.00,11,9.09 %,21.93,61.70 %,20.57 %,0,0,3.52,5.04,7.3100,1.55,0.00,,
19-Feb-26,B0CRZRHT7R,2,2,44.36,1.8100,15.69 %,15.69 %,0,1,2,2,44.36,17,11.76 %,22.18,12.38 %,4.08 %,0,0,6.40,10.08,14.6200,6.96,4.49,,
18-Feb-26,B0CRZRHT7R,4,4,89.72,18.5200,,8.25 %,4,0,0,0,0.00,15,26.67 %,22.43,63.34 %,20.64 %,0,0,14.40,20.16,29.2400,7.40,0.00,,
17-Feb-26,B0CRZRHT7R,5,5,114.65,19.2600,15.49 %,9.93 %,2,1,3,3,73.55,21,23.81 %,22.93,52.69 %,16.80 %,0,0,17.66,25.20,36.5500,11.39,4.59,,
16-Feb-26,B0CRZRHT7R,1,1,22.93,-0.9800,,34.37 %,1,0,0,0,0.00,18,5.56 %,22.93,-13.41 %,-4.27 %,0,0,3.68,5.04,7.3100,7.88,0.00,,
15-Feb-26,B0CRZRHT7R,3,3,68.79,6.9900,,13.61 %,3,1,0,0,0.00,22,13.64 %,22.93,31.87 %,10.16 %,0,0,10.80,15.12,21.9300,9.36,4.59,,
14-Feb-26,B0CRZRHT7R,5,5,114.65,29.2500,,4.58 %,5,0,0,0,0.00,13,38.46 %,22.93,80.03 %,25.51 %,0,0,18.40,25.20,36.5500,5.25,0.00,,
13-Feb-26,B0CRZRHT7R,0,0,0,-7.8800,34.37 %,,0,0,1,1,22.93,21,0.00 %,,0.00 %,0.00 %,0,0,0,0,0.0000,7.88,0,,
12-Feb-26,B0CRZRHT7R,3,3,68.79,17.8800,,4.10 %,3,0,0,0,0.00,12,25.00 %,22.93,81.53 %,25.99 %,0,0,11.04,15.12,21.9300,2.82,0.00,,
11-Feb-26,B0CRZRHT7R,5,5,114.65,23.0800,16.51 %,6.60 %,3,1,2,2,45.86,15,33.33 %,22.93,63.15 %,20.13 %,0,0,17.66,25.20,36.5500,7.57,4.59,,
10-Feb-26,B0CRZRHT7R,1,1,22.93,0.8000,,26.60 %,1,0,0,0,0.00,13,7.69 %,22.93,10.94 %,3.49 %,0,0,3.68,5.04,7.3100,6.10,0.00,,
09-Feb-26,B0CRZRHT7R,1,1,22.93,1.8100,,22.20 %,1,0,0,0,0.00,10,10.00 %,22.93,24.76 %,7.89 %,0,0,3.68,5.04,7.3100,5.09,0.00,,
08-Feb-26,B0CRZRHT7R,5,5,114.65,18.5200,16.22 %,9.73 %,2,2,3,3,68.79,23,21.74 %,22.93,50.67 %,16.15 %,0,0,17.48,25.20,36.5500,11.16,5.74,,
07-Feb-26,B0CRZRHT7R,1,1,22.93,0.5900,27.52 %,27.52 %,0,0,1,1,22.93,19,5.26 %,22.93,8.07 %,2.57 %,0,0,3.68,5.04,7.3100,6.31,0.00,,
06-Feb-26,B0CRZRHT7R,1,1,22.93,4.7100,,9.55 %,1,0,0,0,0.00,15,6.67 %,22.93,64.43 %,20.54 %,0,0,3.68,5.04,7.3100,2.19,0.00,,
05-Feb-26,B0CRZRHT7R,2,2,45.86,5.6300,17.82 %,17.82 %,0,0,2,2,45.86,16,12.50 %,22.93,38.51 %,12.28 %,0,0,7.36,10.08,14.6200,8.17,0.00,,
04-Feb-26,B0CRZRHT7R,1,1,22.93,-3.7900,,46.62 %,1,0,0,0,0.00,22,4.55 %,22.93,-51.85 %,-16.53 %,0,0,3.68,5.04,7.3100,10.69,0.00,,
03-Feb-26,B0CRZRHT7R,1,1,22.93,-0.1400,30.70 %,30.70 %,0,0,1,1,22.93,14,7.14 %,22.93,-1.92 %,-0.61 %,0,0,3.68,5.04,7.3100,7.04,0.00,,
02-Feb-26,B0CRZRHT7R,6,6,137.58,37.6600,5.44 %,2.72 %,3,0,3,3,68.79,18,33.33 %,22.93,85.86 %,27.37 %,0,0,22.08,30.24,43.8600,3.74,0.00,,
01-Feb-26,B0CRZRHT7R,1,1,22.93,3.7700,,13.65 %,1,0,0,0,0.00,13,7.69 %,22.93,51.57 %,16.44 %,0,0,3.68,5.04,7.3100,3.13,0.00,,
